132 cells queued
resuming: 114 cells already done
Starting parallel pool (parpool) using the 'Processes' profile ...
Connected to parallel pool with 16 workers.
  t=75 (age 99): c@(u1=0.20,u2=0.75,u3=0.33)=0.7753, pi=0.5574  [17.0 s]
  t=70 (age 94): c@(u1=0.20,u2=0.75,u3=0.33)=0.5982, pi=0.9356  [0.8 s]
  t=60 (age 84): c@(u1=0.20,u2=0.75,u3=0.33)=0.4877, pi=1.0000  [1.2 s]
  t=50 (age 74): c@(u1=0.20,u2=0.75,u3=0.33)=0.4332, pi=1.0000  [0.5 s]
  t=40 (age 64): c@(u1=0.20,u2=0.75,u3=0.33)=0.1431, pi=0.5137  [0.5 s]
  t=30 (age 54): c@(u1=0.20,u2=0.75,u3=0.33)=0.1631, pi=0.2689  [0.5 s]
  t=20 (age 44): c@(u1=0.20,u2=0.75,u3=0.33)=0.1910, pi=0.2482  [0.5 s]
  t=10 (age 34): c@(u1=0.20,u2=0.75,u3=0.33)=0.2191, pi=0.3956  [0.4 s]
  t= 1 (age 25): c@(u1=0.20,u2=0.75,u3=0.33)=0.2950, pi=0.7870  [0.4 s]
115/132 renter|designed|n1|b0.5000|h1.00|p1e-06|c0.01|g3        59s  C25=   7939 C45=  25721 pi25=0.58 pi45=0.15 fl=1.41% off=0 cbind=0
  t=75 (age 99): c@(u1=0.20,u2=0.75,u3=0.33)=0.7753, pi=0.5574  [0.5 s]
  t=70 (age 94): c@(u1=0.20,u2=0.75,u3=0.33)=0.5977, pi=0.9390  [0.6 s]
  t=60 (age 84): c@(u1=0.20,u2=0.75,u3=0.33)=0.4871, pi=1.0000  [0.5 s]
  t=50 (age 74): c@(u1=0.20,u2=0.75,u3=0.33)=0.4331, pi=1.0000  [0.5 s]
  t=40 (age 64): c@(u1=0.20,u2=0.75,u3=0.33)=0.1438, pi=0.5074  [0.4 s]
  t=30 (age 54): c@(u1=0.20,u2=0.75,u3=0.33)=0.1631, pi=0.2531  [0.4 s]
  t=20 (age 44): c@(u1=0.20,u2=0.75,u3=0.33)=0.1910, pi=0.2007  [0.4 s]
  t=10 (age 34): c@(u1=0.20,u2=0.75,u3=0.33)=0.2199, pi=0.3666  [0.4 s]
  t= 1 (age 25): c@(u1=0.20,u2=0.75,u3=0.33)=0.2956, pi=0.8076  [0.4 s]
116/132 renter|designed|n1|b1.0000|h1.00|p1e-06|c0.01|g3        33s  C25=   8960 C45=  26363 pi25=0.75 pi45=0.14 fl=1.37% off=0 cbind=0
  t=75 (age 99): c@(u1=0.20,u2=0.75,u3=0.33)=0.7754, pi=0.5568  [0.5 s]
  t=70 (age 94): c@(u1=0.20,u2=0.75,u3=0.33)=0.5994, pi=0.9599  [0.6 s]
  t=60 (age 84): c@(u1=0.20,u2=0.75,u3=0.33)=0.4874, pi=1.0000  [0.5 s]
  t=50 (age 74): c@(u1=0.20,u2=0.75,u3=0.33)=0.4330, pi=1.0000  [0.6 s]
  t=40 (age 64): c@(u1=0.20,u2=0.75,u3=0.33)=0.1440, pi=0.5035  [0.5 s]
  t=30 (age 54): c@(u1=0.20,u2=0.75,u3=0.33)=0.1665, pi=0.2503  [0.4 s]
  t=20 (age 44): c@(u1=0.20,u2=0.75,u3=0.33)=0.1977, pi=0.2166  [0.4 s]
  t=10 (age 34): c@(u1=0.20,u2=0.75,u3=0.33)=0.2281, pi=0.4924  [0.4 s]
  t= 1 (age 25): c@(u1=0.20,u2=0.75,u3=0.33)=0.3039, pi=0.8309  [0.4 s]
117/132 renter|designed|n1|b0.0791|h1.00|p1e-06|c0.001|g3       35s  C25=   7749 C45=  25654 pi25=1.00 pi45=0.17 fl=1.16% off=0 cbind=0
  t=75 (age 99): c@(u1=0.20,u2=0.75,u3=0.33)=0.7882, pi=0.6014  [0.6 s]
  t=70 (age 94): c@(u1=0.20,u2=0.75,u3=0.33)=0.6273, pi=0.9881  [0.6 s]
  t=60 (age 84): c@(u1=0.20,u2=0.75,u3=0.33)=0.5236, pi=1.0000  [0.5 s]
  t=50 (age 74): c@(u1=0.20,u2=0.75,u3=0.33)=0.4752, pi=1.0000  [0.5 s]
  t=40 (age 64): c@(u1=0.20,u2=0.75,u3=0.33)=0.2154, pi=0.8162  [0.4 s]
  t=30 (age 54): c@(u1=0.20,u2=0.75,u3=0.33)=0.2548, pi=0.8753  [0.4 s]
  t=20 (age 44): c@(u1=0.20,u2=0.75,u3=0.33)=0.2519, pi=0.6132  [0.4 s]
  t=10 (age 34): c@(u1=0.20,u2=0.75,u3=0.33)=0.2361, pi=0.5930  [0.4 s]
  t= 1 (age 25): c@(u1=0.20,u2=0.75,u3=0.33)=0.2755, pi=0.8184  [0.4 s]
118/132 owner|designed|n1|b0.5000|h1.00|p1e-06|c0.01|g3         34s  C25=   7301 C45=  26770 pi25=0.58 pi45=0.32 fl=0.81% off=0 cbind=0
  t=75 (age 99): c@(u1=0.20,u2=0.75,u3=0.33)=0.7882, pi=0.6014  [0.5 s]
  t=70 (age 94): c@(u1=0.20,u2=0.75,u3=0.33)=0.6273, pi=0.9874  [0.5 s]
  t=60 (age 84): c@(u1=0.20,u2=0.75,u3=0.33)=0.5226, pi=1.0000  [0.4 s]
  t=50 (age 74): c@(u1=0.20,u2=0.75,u3=0.33)=0.4730, pi=1.0000  [0.5 s]
  t=40 (age 64): c@(u1=0.20,u2=0.75,u3=0.33)=0.2148, pi=0.8064  [0.4 s]
  t=30 (age 54): c@(u1=0.20,u2=0.75,u3=0.33)=0.2543, pi=0.8653  [0.4 s]
  t=20 (age 44): c@(u1=0.20,u2=0.75,u3=0.33)=0.2511, pi=0.6013  [0.4 s]
  t=10 (age 34): c@(u1=0.20,u2=0.75,u3=0.33)=0.2365, pi=0.5922  [0.4 s]
  t= 1 (age 25): c@(u1=0.20,u2=0.75,u3=0.33)=0.2763, pi=0.8374  [0.4 s]
119/132 owner|designed|n1|b1.0000|h1.00|p1e-06|c0.01|g3         32s  C25=   8414 C45=  27254 pi25=0.67 pi45=0.32 fl=0.77% off=0 cbind=0
  t=75 (age 99): c@(u1=0.20,u2=0.75,u3=0.33)=0.7883, pi=0.6008  [0.5 s]
  t=70 (age 94): c@(u1=0.20,u2=0.75,u3=0.33)=0.6292, pi=1.0000  [0.6 s]
  t=60 (age 84): c@(u1=0.20,u2=0.75,u3=0.33)=0.5240, pi=1.0000  [0.5 s]
  t=50 (age 74): c@(u1=0.20,u2=0.75,u3=0.33)=0.4746, pi=1.0000  [0.5 s]
  t=40 (age 64): c@(u1=0.20,u2=0.75,u3=0.33)=0.2131, pi=0.7967  [0.4 s]
  t=30 (age 54): c@(u1=0.20,u2=0.75,u3=0.33)=0.2542, pi=0.8732  [0.4 s]
  t=20 (age 44): c@(u1=0.20,u2=0.75,u3=0.33)=0.2545, pi=0.6176  [0.4 s]
  t=10 (age 34): c@(u1=0.20,u2=0.75,u3=0.33)=0.2434, pi=0.6005  [0.4 s]
  t= 1 (age 25): c@(u1=0.20,u2=0.75,u3=0.33)=0.2873, pi=0.8430  [0.4 s]
120/132 owner|designed|n1|b0.0791|h1.00|p1e-06|c0.001|g3        35s  C25=   7257 C45=  26330 pi25=1.00 pi45=0.33 fl=0.72% off=0 cbind=0
  t=75 (age 99): c@(u1=0.20,u2=0.75,u3=0.33)=0.7747, pi=0.5494  [1.8 s]
  t=70 (age 94): c@(u1=0.20,u2=0.75,u3=0.33)=0.5972, pi=0.9728  [2.0 s]
  t=60 (age 84): c@(u1=0.20,u2=0.75,u3=0.33)=0.4867, pi=1.0000  [1.9 s]
  t=50 (age 74): c@(u1=0.20,u2=0.75,u3=0.33)=0.4322, pi=1.0000  [1.5 s]
  t=40 (age 64): c@(u1=0.20,u2=0.75,u3=0.33)=0.1347, pi=0.4700  [1.3 s]
  t=30 (age 54): c@(u1=0.20,u2=0.75,u3=0.33)=0.1460, pi=0.0580  [1.2 s]
  t=20 (age 44): c@(u1=0.20,u2=0.75,u3=0.33)=0.1639, pi=0.0013  [1.1 s]
  t=10 (age 34): c@(u1=0.20,u2=0.75,u3=0.33)=0.1692, pi=0.0478  [1.1 s]
  t= 1 (age 25): c@(u1=0.20,u2=0.75,u3=0.33)=0.2197, pi=0.2432  [1.2 s]
121/132 renter|designed|n3|b0.5000|h1.00|p1e-06|c0.01|g3       109s  C25=   2428 C45=  27228 pi25=0.00 pi45=0.10 fl=1.05% off=0 cbind=1
  t=75 (age 99): c@(u1=0.20,u2=0.75,u3=0.33)=0.7747, pi=0.5494  [1.9 s]
  t=70 (age 94): c@(u1=0.20,u2=0.75,u3=0.33)=0.5969, pi=0.9759  [2.1 s]
  t=60 (age 84): c@(u1=0.20,u2=0.75,u3=0.33)=0.4867, pi=1.0000  [1.8 s]
  t=50 (age 74): c@(u1=0.20,u2=0.75,u3=0.33)=0.4321, pi=1.0000  [1.6 s]
  t=40 (age 64): c@(u1=0.20,u2=0.75,u3=0.33)=0.1346, pi=0.4747  [1.3 s]
  t=30 (age 54): c@(u1=0.20,u2=0.75,u3=0.33)=0.1459, pi=0.0570  [1.2 s]
  t=20 (age 44): c@(u1=0.20,u2=0.75,u3=0.33)=0.1636, pi=0.0013  [1.2 s]
  t=10 (age 34): c@(u1=0.20,u2=0.75,u3=0.33)=0.1687, pi=0.0406  [1.1 s]
  t= 1 (age 25): c@(u1=0.20,u2=0.75,u3=0.33)=0.2190, pi=0.2421  [1.2 s]
122/132 renter|designed|n3|b1.0000|h1.00|p1e-06|c0.01|g3       109s  C25=   2655 C45=  27776 pi25=0.00 pi45=0.10 fl=0.99% off=0 cbind=1
  t=75 (age 99): c@(u1=0.20,u2=0.75,u3=0.33)=0.7747, pi=0.5490  [1.7 s]
  t=70 (age 94): c@(u1=0.20,u2=0.75,u3=0.33)=0.5980, pi=0.9784  [1.8 s]
  t=60 (age 84): c@(u1=0.20,u2=0.75,u3=0.33)=0.4872, pi=1.0000  [1.8 s]
  t=50 (age 74): c@(u1=0.20,u2=0.75,u3=0.33)=0.4325, pi=1.0000  [1.5 s]
  t=40 (age 64): c@(u1=0.20,u2=0.75,u3=0.33)=0.1361, pi=0.5053  [1.4 s]
  t=30 (age 54): c@(u1=0.20,u2=0.75,u3=0.33)=0.1526, pi=0.1450  [1.3 s]
  t=20 (age 44): c@(u1=0.20,u2=0.75,u3=0.33)=0.1809, pi=0.0168  [1.3 s]
  t=10 (age 34): c@(u1=0.20,u2=0.75,u3=0.33)=0.1968, pi=0.1941  [1.2 s]
  t= 1 (age 25): c@(u1=0.20,u2=0.75,u3=0.33)=0.2545, pi=0.4324  [1.3 s]
123/132 renter|designed|n3|b0.0791|h1.00|p1e-06|c0.001|g3      110s  C25=   1382 C45=  27025 pi25=0.30 pi45=0.12 fl=0.76% off=0 cbind=0
  t=75 (age 99): c@(u1=0.20,u2=0.75,u3=0.33)=0.7876, pi=0.5921  [1.9 s]
  t=70 (age 94): c@(u1=0.20,u2=0.75,u3=0.33)=0.6265, pi=0.9981  [1.8 s]
  t=60 (age 84): c@(u1=0.20,u2=0.75,u3=0.33)=0.5210, pi=1.0000  [1.8 s]
  t=50 (age 74): c@(u1=0.20,u2=0.75,u3=0.33)=0.4702, pi=1.0000  [1.7 s]
  t=40 (age 64): c@(u1=0.20,u2=0.75,u3=0.33)=0.2094, pi=0.8515  [1.4 s]
  t=30 (age 54): c@(u1=0.20,u2=0.75,u3=0.33)=0.2482, pi=0.8672  [1.3 s]
  t=20 (age 44): c@(u1=0.20,u2=0.75,u3=0.33)=0.2502, pi=0.5990  [1.3 s]
  t=10 (age 34): c@(u1=0.20,u2=0.75,u3=0.33)=0.1964, pi=0.2422  [1.2 s]
  t= 1 (age 25): c@(u1=0.20,u2=0.75,u3=0.33)=0.1655, pi=0.0178  [1.2 s]
124/132 owner|designed|n3|b0.5000|h1.00|p1e-06|c0.01|g3        112s  C25=   2429 C45=  29619 pi25=0.00 pi45=0.22 fl=0.70% off=0 cbind=1
  t=75 (age 99): c@(u1=0.20,u2=0.75,u3=0.33)=0.7876, pi=0.5921  [2.1 s]
  t=70 (age 94): c@(u1=0.20,u2=0.75,u3=0.33)=0.6263, pi=0.9974  [1.9 s]
  t=60 (age 84): c@(u1=0.20,u2=0.75,u3=0.33)=0.5211, pi=1.0000  [1.7 s]
  t=50 (age 74): c@(u1=0.20,u2=0.75,u3=0.33)=0.4700, pi=1.0000  [1.7 s]
  t=40 (age 64): c@(u1=0.20,u2=0.75,u3=0.33)=0.2098, pi=0.8454  [1.5 s]
  t=30 (age 54): c@(u1=0.20,u2=0.75,u3=0.33)=0.2481, pi=0.8684  [1.3 s]
  t=20 (age 44): c@(u1=0.20,u2=0.75,u3=0.33)=0.2502, pi=0.6140  [1.3 s]
  t=10 (age 34): c@(u1=0.20,u2=0.75,u3=0.33)=0.1958, pi=0.2373  [1.2 s]
  t= 1 (age 25): c@(u1=0.20,u2=0.75,u3=0.33)=0.1639, pi=0.0154  [1.2 s]
125/132 owner|designed|n3|b1.0000|h1.00|p1e-06|c0.01|g3        114s  C25=   2655 C45=  30246 pi25=0.13 pi45=0.22 fl=0.67% off=0 cbind=1
  t=75 (age 99): c@(u1=0.20,u2=0.75,u3=0.33)=0.7876, pi=0.5918  [1.9 s]
  t=70 (age 94): c@(u1=0.20,u2=0.75,u3=0.33)=0.6272, pi=0.9988  [2.0 s]
  t=60 (age 84): c@(u1=0.20,u2=0.75,u3=0.33)=0.5215, pi=1.0000  [1.9 s]
  t=50 (age 74): c@(u1=0.20,u2=0.75,u3=0.33)=0.4708, pi=1.0000  [1.7 s]
  t=40 (age 64): c@(u1=0.20,u2=0.75,u3=0.33)=0.2091, pi=0.8560  [1.5 s]
  t=30 (age 54): c@(u1=0.20,u2=0.75,u3=0.33)=0.2473, pi=0.8553  [1.3 s]
  t=20 (age 44): c@(u1=0.20,u2=0.75,u3=0.33)=0.2557, pi=0.6905  [1.4 s]
  t=10 (age 34): c@(u1=0.20,u2=0.75,u3=0.33)=0.2242, pi=0.4466  [1.3 s]
  t= 1 (age 25): c@(u1=0.20,u2=0.75,u3=0.33)=0.2304, pi=0.3178  [1.2 s]
126/132 owner|designed|n3|b0.0791|h1.00|p1e-06|c0.001|g3       114s  C25=    307 C45=  28934 pi25=0.01 pi45=0.30 fl=0.58% off=0 cbind=0
  t=75 (age 99): c@(u1=0.20,u2=0.75,u3=0.33)=0.7749, pi=0.5495  [2.9 s]
  t=70 (age 94): c@(u1=0.20,u2=0.75,u3=0.33)=0.5973, pi=0.9694  [2.5 s]
  t=60 (age 84): c@(u1=0.20,u2=0.75,u3=0.33)=0.4867, pi=1.0000  [2.4 s]
  t=50 (age 74): c@(u1=0.20,u2=0.75,u3=0.33)=0.4326, pi=1.0000  [2.3 s]
  t=40 (age 64): c@(u1=0.20,u2=0.75,u3=0.33)=0.1331, pi=0.4771  [2.1 s]
  t=30 (age 54): c@(u1=0.20,u2=0.75,u3=0.33)=0.1396, pi=0.0203  [1.9 s]
  t=20 (age 44): c@(u1=0.20,u2=0.75,u3=0.33)=0.1454, pi=0.0000  [1.9 s]
  t=10 (age 34): c@(u1=0.20,u2=0.75,u3=0.33)=0.1362, pi=0.0000  [1.7 s]
  t= 1 (age 25): c@(u1=0.20,u2=0.75,u3=0.33)=0.1727, pi=0.0080  [1.9 s]
127/132 renter|designed|n4|b0.5000|h1.00|p1e-06|c0.01|g3       161s  C25=   2428 C45=  28011 pi25=0.00 pi45=0.09 fl=0.97% off=0 cbind=1
  t=75 (age 99): c@(u1=0.20,u2=0.75,u3=0.33)=0.7749, pi=0.5495  [2.8 s]
  t=70 (age 94): c@(u1=0.20,u2=0.75,u3=0.33)=0.5973, pi=0.9688  [2.4 s]
  t=60 (age 84): c@(u1=0.20,u2=0.75,u3=0.33)=0.4867, pi=1.0000  [2.4 s]
  t=50 (age 74): c@(u1=0.20,u2=0.75,u3=0.33)=0.4325, pi=1.0000  [2.3 s]
  t=40 (age 64): c@(u1=0.20,u2=0.75,u3=0.33)=0.1331, pi=0.4779  [2.0 s]
  t=30 (age 54): c@(u1=0.20,u2=0.75,u3=0.33)=0.1396, pi=0.0201  [1.8 s]
  t=20 (age 44): c@(u1=0.20,u2=0.75,u3=0.33)=0.1453, pi=0.0000  [1.8 s]
  t=10 (age 34): c@(u1=0.20,u2=0.75,u3=0.33)=0.1354, pi=0.0000  [1.6 s]
  t= 1 (age 25): c@(u1=0.20,u2=0.75,u3=0.33)=0.1724, pi=0.0074  [1.8 s]
128/132 renter|designed|n4|b1.0000|h1.00|p1e-06|c0.01|g3       154s  C25=   2655 C45=  28679 pi25=0.00 pi45=0.08 fl=0.90% off=0 cbind=1
  t=75 (age 99): c@(u1=0.20,u2=0.75,u3=0.33)=0.7750, pi=0.5494  [2.8 s]
  t=70 (age 94): c@(u1=0.20,u2=0.75,u3=0.33)=0.5976, pi=0.9711  [2.5 s]
  t=60 (age 84): c@(u1=0.20,u2=0.75,u3=0.33)=0.4868, pi=1.0000  [2.5 s]
  t=50 (age 74): c@(u1=0.20,u2=0.75,u3=0.33)=0.4326, pi=1.0000  [2.5 s]
  t=40 (age 64): c@(u1=0.20,u2=0.75,u3=0.33)=0.1346, pi=0.5002  [2.2 s]
  t=30 (age 54): c@(u1=0.20,u2=0.75,u3=0.33)=0.1488, pi=0.0922  [2.0 s]
  t=20 (age 44): c@(u1=0.20,u2=0.75,u3=0.33)=0.1741, pi=0.0012  [1.9 s]
  t=10 (age 34): c@(u1=0.20,u2=0.75,u3=0.33)=0.1826, pi=0.0377  [1.8 s]
  t= 1 (age 25): c@(u1=0.20,u2=0.75,u3=0.33)=0.2322, pi=0.1585  [2.0 s]
129/132 renter|designed|n4|b0.0791|h1.00|p1e-06|c0.001|g3      167s  C25=   2255 C45=  27723 pi25=0.00 pi45=0.10 fl=0.62% off=0 cbind=0
  t=75 (age 99): c@(u1=0.20,u2=0.75,u3=0.33)=0.7878, pi=0.5924  [2.9 s]
  t=70 (age 94): c@(u1=0.20,u2=0.75,u3=0.33)=0.6262, pi=1.0000  [2.5 s]
  t=60 (age 84): c@(u1=0.20,u2=0.75,u3=0.33)=0.5207, pi=1.0000  [2.5 s]
  t=50 (age 74): c@(u1=0.20,u2=0.75,u3=0.33)=0.4693, pi=1.0000  [2.3 s]
  t=40 (age 64): c@(u1=0.20,u2=0.75,u3=0.33)=0.2090, pi=0.8512  [2.4 s]
  t=30 (age 54): c@(u1=0.20,u2=0.75,u3=0.33)=0.2462, pi=0.8286  [2.2 s]
  t=20 (age 44): c@(u1=0.20,u2=0.75,u3=0.33)=0.2494, pi=0.5069  [2.1 s]
  t=10 (age 34): c@(u1=0.20,u2=0.75,u3=0.33)=0.1508, pi=0.0109  [1.9 s]
  t= 1 (age 25): c@(u1=0.20,u2=0.75,u3=0.33)=0.0525, pi=0.0873  [1.7 s]
130/132 owner|designed|n4|b0.5000|h1.00|p1e-06|c0.01|g3        168s  C25=   2429 C45=  30923 pi25=0.10 pi45=0.19 fl=0.68% off=0 cbind=1
  t=75 (age 99): c@(u1=0.20,u2=0.75,u3=0.33)=0.7878, pi=0.5924  [2.8 s]
  t=70 (age 94): c@(u1=0.20,u2=0.75,u3=0.33)=0.6262, pi=1.0000  [2.4 s]
  t=60 (age 84): c@(u1=0.20,u2=0.75,u3=0.33)=0.5207, pi=1.0000  [2.5 s]
  t=50 (age 74): c@(u1=0.20,u2=0.75,u3=0.33)=0.4694, pi=1.0000  [2.4 s]
  t=40 (age 64): c@(u1=0.20,u2=0.75,u3=0.33)=0.2086, pi=0.8510  [2.2 s]
  t=30 (age 54): c@(u1=0.20,u2=0.75,u3=0.33)=0.2461, pi=0.8265  [2.0 s]
  t=20 (age 44): c@(u1=0.20,u2=0.75,u3=0.33)=0.2496, pi=0.5111  [2.0 s]
  t=10 (age 34): c@(u1=0.20,u2=0.75,u3=0.33)=0.1504, pi=0.0091  [1.8 s]
  t= 1 (age 25): c@(u1=0.20,u2=0.75,u3=0.33)=0.0470, pi=0.0000  [1.6 s]
131/132 owner|designed|n4|b1.0000|h1.00|p1e-06|c0.01|g3        161s  C25=   2655 C45=  31607 pi25=0.52 pi45=0.19 fl=0.65% off=0 cbind=1
  t=75 (age 99): c@(u1=0.20,u2=0.75,u3=0.33)=0.7878, pi=0.5923  [2.9 s]
  t=70 (age 94): c@(u1=0.20,u2=0.75,u3=0.33)=0.6265, pi=1.0000  [2.5 s]
  t=60 (age 84): c@(u1=0.20,u2=0.75,u3=0.33)=0.5209, pi=1.0000  [2.5 s]
  t=50 (age 74): c@(u1=0.20,u2=0.75,u3=0.33)=0.4692, pi=1.0000  [2.5 s]
  t=40 (age 64): c@(u1=0.20,u2=0.75,u3=0.33)=0.2087, pi=0.8627  [2.4 s]
  t=30 (age 54): c@(u1=0.20,u2=0.75,u3=0.33)=0.2470, pi=0.8397  [2.1 s]
  t=20 (age 44): c@(u1=0.20,u2=0.75,u3=0.33)=0.2560, pi=0.6922  [2.1 s]
  t=10 (age 34): c@(u1=0.20,u2=0.75,u3=0.33)=0.2159, pi=0.3269  [2.1 s]
  t= 1 (age 25): c@(u1=0.20,u2=0.75,u3=0.33)=0.1788, pi=0.0029  [2.0 s]
132/132 owner|designed|n4|b0.0791|h1.00|p1e-06|c0.001|g3       172s  C25=    223 C45=  30106 pi25=0.00 pi45=0.27 fl=0.54% off=0 cbind=1
done: 132 cells in 0.52 hours -> C:\Users\Quinn\Desktop\claudecodetest\OwnersrentersDSRI-rentproc\diagnostics\factorial_results.mat
Parallel pool using the 'Processes' profile is shutting down.
