start 16:21:38
solving renter x1.00     ...
  t=75 (age 99): c@(u1=0.20,u2=0.75,u3=0.33)=0.7747, pi=0.4919  [34.4 s]
  t=70 (age 94): c@(u1=0.20,u2=0.75,u3=0.33)=0.5976, pi=0.8866  [33.8 s]
  t=60 (age 84): c@(u1=0.20,u2=0.75,u3=0.33)=0.4871, pi=1.0000  [33.3 s]
  t=50 (age 74): c@(u1=0.20,u2=0.75,u3=0.33)=0.4329, pi=1.0000  [32.2 s]
  t=40 (age 64): c@(u1=0.20,u2=0.75,u3=0.33)=0.1341, pi=0.4448  [32.9 s]
  t=30 (age 54): c@(u1=0.20,u2=0.75,u3=0.33)=0.1452, pi=0.0130  [31.6 s]
  t=20 (age 44): c@(u1=0.20,u2=0.75,u3=0.33)=0.1565, pi=0.0000  [32.5 s]
  t=10 (age 34): c@(u1=0.20,u2=0.75,u3=0.33)=0.1552, pi=0.0007  [31.9 s]
  t= 1 (age 25): c@(u1=0.20,u2=0.75,u3=0.33)=0.1932, pi=0.0860  [31.6 s]
   2439 s   pi@80 = 0.836   pi@90 = 0.909
solving renter x0.25     ...
  t=75 (age 99): c@(u1=0.20,u2=0.75,u3=0.33)=0.7877, pi=0.5306  [33.4 s]
  t=70 (age 94): c@(u1=0.20,u2=0.75,u3=0.33)=0.6276, pi=0.9592  [34.1 s]
  t=60 (age 84): c@(u1=0.20,u2=0.75,u3=0.33)=0.5230, pi=1.0000  [34.0 s]
  t=50 (age 74): c@(u1=0.20,u2=0.75,u3=0.33)=0.4724, pi=1.0000  [33.3 s]
  t=40 (age 64): c@(u1=0.20,u2=0.75,u3=0.33)=0.2155, pi=0.7645  [34.1 s]
  t=30 (age 54): c@(u1=0.20,u2=0.75,u3=0.33)=0.2491, pi=0.7413  [33.5 s]
  t=20 (age 44): c@(u1=0.20,u2=0.75,u3=0.33)=0.2917, pi=0.8318  [33.5 s]
  t=10 (age 34): c@(u1=0.20,u2=0.75,u3=0.33)=0.3151, pi=1.0000  [32.9 s]
  t= 1 (age 25): c@(u1=0.20,u2=0.75,u3=0.33)=0.3800, pi=1.0000  [33.0 s]
   2518 s   pi@80 = 0.998   pi@90 = 1.000
solving owner x1.00      ...
  t=75 (age 99): c@(u1=0.20,u2=0.75,u3=0.33)=0.7875, pi=0.5302  [33.1 s]
  t=70 (age 94): c@(u1=0.20,u2=0.75,u3=0.33)=0.6269, pi=0.9605  [33.4 s]
  t=60 (age 84): c@(u1=0.20,u2=0.75,u3=0.33)=0.5217, pi=1.0000  [33.6 s]
  t=50 (age 74): c@(u1=0.20,u2=0.75,u3=0.33)=0.4710, pi=1.0000  [33.2 s]
  t=40 (age 64): c@(u1=0.20,u2=0.75,u3=0.33)=0.2100, pi=0.7503  [34.0 s]
  t=30 (age 54): c@(u1=0.20,u2=0.75,u3=0.33)=0.2457, pi=0.6721  [32.7 s]
  t=20 (age 44): c@(u1=0.20,u2=0.75,u3=0.33)=0.2485, pi=0.3978  [32.3 s]
  t=10 (age 34): c@(u1=0.20,u2=0.75,u3=0.33)=0.1663, pi=0.0180  [31.0 s]
  t= 1 (age 25): c@(u1=0.20,u2=0.75,u3=0.33)=0.0752, pi=0.0000  [30.5 s]
   2456 s   pi@80 = 0.955   pi@90 = 0.977
solving owner x0.25      ...
  t=75 (age 99): c@(u1=0.20,u2=0.75,u3=0.33)=0.7907, pi=0.5403  [32.8 s]
  t=70 (age 94): c@(u1=0.20,u2=0.75,u3=0.33)=0.6344, pi=0.9777  [33.4 s]
  t=60 (age 84): c@(u1=0.20,u2=0.75,u3=0.33)=0.5309, pi=1.0000  [33.8 s]
  t=50 (age 74): c@(u1=0.20,u2=0.75,u3=0.33)=0.4819, pi=1.0000  [32.8 s]
  t=40 (age 64): c@(u1=0.20,u2=0.75,u3=0.33)=0.2319, pi=0.8107  [34.3 s]
  t=30 (age 54): c@(u1=0.20,u2=0.75,u3=0.33)=0.2704, pi=0.9058  [36.3 s]
  t=20 (age 44): c@(u1=0.20,u2=0.75,u3=0.33)=0.3052, pi=0.9954  [37.1 s]
  t=10 (age 34): c@(u1=0.20,u2=0.75,u3=0.33)=0.3206, pi=1.0000  [33.5 s]
  t= 1 (age 25): c@(u1=0.20,u2=0.75,u3=0.33)=0.3766, pi=1.0000  [33.5 s]
   2576 s   pi@80 = 0.998   pi@90 = 0.998
figures in C:\Users\Quinn\Desktop\claudecodetest\OwnersrentersDSRI-rentproc\diagnostics\factorial_figs
end 19:08:34
