solving [8 8 6] ...
  t=75 (age 99): c@(u1=0.20,u2=0.75,u3=0.33)=0.7743, pi=0.5563  [2.8 s]
  t=70 (age 94): c@(u1=0.20,u2=0.75,u3=0.33)=0.5979, pi=0.9127  [1.1 s]
  t=60 (age 84): c@(u1=0.20,u2=0.75,u3=0.33)=0.4866, pi=1.0000  [1.1 s]
  t=50 (age 74): c@(u1=0.20,u2=0.75,u3=0.33)=0.4331, pi=1.0000  [1.7 s]
  t=40 (age 64): c@(u1=0.20,u2=0.75,u3=0.33)=0.1482, pi=0.5070  [0.9 s]
  t=30 (age 54): c@(u1=0.20,u2=0.75,u3=0.33)=0.1716, pi=0.3711  [0.8 s]
  t=20 (age 44): c@(u1=0.20,u2=0.75,u3=0.33)=0.2021, pi=0.3215  [0.7 s]
  t=10 (age 34): c@(u1=0.20,u2=0.75,u3=0.33)=0.2387, pi=0.5564  [1.3 s]
  t= 1 (age 25): c@(u1=0.20,u2=0.75,u3=0.33)=0.3214, pi=0.8923  [0.8 s]
   70 s
solving [12 12 8] ...
  t=75 (age 99): c@(u1=0.20,u2=0.75,u3=0.33)=0.7752, pi=0.5547  [2.5 s]
  t=70 (age 94): c@(u1=0.20,u2=0.75,u3=0.33)=0.5984, pi=0.9821  [2.5 s]
  t=60 (age 84): c@(u1=0.20,u2=0.75,u3=0.33)=0.4881, pi=1.0000  [2.5 s]
  t=50 (age 74): c@(u1=0.20,u2=0.75,u3=0.33)=0.4339, pi=1.0000  [2.8 s]
  t=40 (age 64): c@(u1=0.20,u2=0.75,u3=0.33)=0.1432, pi=0.4998  [2.3 s]
  t=30 (age 54): c@(u1=0.20,u2=0.75,u3=0.33)=0.1605, pi=0.2134  [1.9 s]
  t=20 (age 44): c@(u1=0.20,u2=0.75,u3=0.33)=0.1868, pi=0.1397  [1.7 s]
  t=10 (age 34): c@(u1=0.20,u2=0.75,u3=0.33)=0.2102, pi=0.3761  [2.1 s]
  t= 1 (age 25): c@(u1=0.20,u2=0.75,u3=0.33)=0.2799, pi=0.6805  [1.9 s]
   157 s
solving [16 16 10] ...
  t=75 (age 99): c@(u1=0.20,u2=0.75,u3=0.33)=0.7751, pi=0.5506  [5.1 s]
  t=70 (age 94): c@(u1=0.20,u2=0.75,u3=0.33)=0.5981, pi=0.9715  [4.4 s]
  t=60 (age 84): c@(u1=0.20,u2=0.75,u3=0.33)=0.4876, pi=1.0000  [3.8 s]
  t=50 (age 74): c@(u1=0.20,u2=0.75,u3=0.33)=0.4331, pi=1.0000  [3.4 s]
  t=40 (age 64): c@(u1=0.20,u2=0.75,u3=0.33)=0.1362, pi=0.4744  [3.4 s]
  t=30 (age 54): c@(u1=0.20,u2=0.75,u3=0.33)=0.1516, pi=0.1053  [3.0 s]
  t=20 (age 44): c@(u1=0.20,u2=0.75,u3=0.33)=0.1733, pi=0.0212  [2.7 s]
  t=10 (age 34): c@(u1=0.20,u2=0.75,u3=0.33)=0.1847, pi=0.2106  [3.0 s]
  t= 1 (age 25): c@(u1=0.20,u2=0.75,u3=0.33)=0.2417, pi=0.4512  [3.0 s]
   257 s
solving [20 20 12] ...
  t=75 (age 99): c@(u1=0.20,u2=0.75,u3=0.33)=0.7747, pi=0.5490  [7.4 s]
  t=70 (age 94): c@(u1=0.20,u2=0.75,u3=0.33)=0.5981, pi=0.9797  [6.3 s]
  t=60 (age 84): c@(u1=0.20,u2=0.75,u3=0.33)=0.4870, pi=1.0000  [6.5 s]
  t=50 (age 74): c@(u1=0.20,u2=0.75,u3=0.33)=0.4327, pi=1.0000  [6.1 s]
  t=40 (age 64): c@(u1=0.20,u2=0.75,u3=0.33)=0.1341, pi=0.4967  [5.5 s]
  t=30 (age 54): c@(u1=0.20,u2=0.75,u3=0.33)=0.1445, pi=0.0489  [4.8 s]
  t=20 (age 44): c@(u1=0.20,u2=0.75,u3=0.33)=0.1584, pi=0.0000  [4.7 s]
  t=10 (age 34): c@(u1=0.20,u2=0.75,u3=0.33)=0.1593, pi=0.0183  [4.6 s]
  t= 1 (age 25): c@(u1=0.20,u2=0.75,u3=0.33)=0.2041, pi=0.1149  [4.8 s]
   418 s

cube             nodes      sec  age34: best pi / best c        age74: best pi / best c      
[8 8 6]            384       70  pi=0.458 c=0.244              pi=1.000 c=0.427            
[12 12 8]         1152      157  pi=0.342 c=0.186              pi=1.000 c=0.402            
[16 16 10]        2560      257  pi=0.183 c=0.181              pi=1.000 c=0.436            
[20 20 12]        4800      418  pi=0.025 c=0.172              pi=1.000 c=0.427            
