start 23:39:32
solving [8 8 6] gh_n=3 ...
  t=75 (age 99): c@(u1=0.20,u2=0.75,u3=0.33)=0.7743, pi=0.5562  [2.7 s]
  t=70 (age 94): c@(u1=0.20,u2=0.75,u3=0.33)=0.5976, pi=0.8983  [1.1 s]
  t=60 (age 84): c@(u1=0.20,u2=0.75,u3=0.33)=0.4866, pi=1.0000  [1.1 s]
  t=50 (age 74): c@(u1=0.20,u2=0.75,u3=0.33)=0.4305, pi=0.9982  [1.1 s]
  t=40 (age 64): c@(u1=0.20,u2=0.75,u3=0.33)=0.1511, pi=0.5219  [1.1 s]
  t=30 (age 54): c@(u1=0.20,u2=0.75,u3=0.33)=0.1733, pi=0.3550  [1.0 s]
  t=20 (age 44): c@(u1=0.20,u2=0.75,u3=0.33)=0.2052, pi=0.2955  [1.0 s]
  t=10 (age 34): c@(u1=0.20,u2=0.75,u3=0.33)=0.2421, pi=0.5677  [1.0 s]
  t= 1 (age 25): c@(u1=0.20,u2=0.75,u3=0.33)=0.3249, pi=0.8793  [1.0 s]
   82 s
solving [8 8 6] gh_n=5 ...
  t=75 (age 99): c@(u1=0.20,u2=0.75,u3=0.33)=0.7742, pi=0.4985  [4.0 s]
  t=70 (age 94): c@(u1=0.20,u2=0.75,u3=0.33)=0.5980, pi=0.8967  [4.1 s]
  t=60 (age 84): c@(u1=0.20,u2=0.75,u3=0.33)=0.4862, pi=0.9828  [4.1 s]
  t=50 (age 74): c@(u1=0.20,u2=0.75,u3=0.33)=0.4312, pi=0.9791  [4.7 s]
  t=40 (age 64): c@(u1=0.20,u2=0.75,u3=0.33)=0.1508, pi=0.4644  [4.6 s]
  t=30 (age 54): c@(u1=0.20,u2=0.75,u3=0.33)=0.1728, pi=0.2555  [4.6 s]
  t=20 (age 44): c@(u1=0.20,u2=0.75,u3=0.33)=0.2043, pi=0.2074  [4.4 s]
  t=10 (age 34): c@(u1=0.20,u2=0.75,u3=0.33)=0.2401, pi=0.3349  [4.5 s]
  t= 1 (age 25): c@(u1=0.20,u2=0.75,u3=0.33)=0.3169, pi=0.8665  [4.5 s]
   335 s
solving [12 12 8] gh_n=3 ...
  t=75 (age 99): c@(u1=0.20,u2=0.75,u3=0.33)=0.7752, pi=0.5547  [3.1 s]
  t=70 (age 94): c@(u1=0.20,u2=0.75,u3=0.33)=0.5982, pi=0.9800  [3.0 s]
  t=60 (age 84): c@(u1=0.20,u2=0.75,u3=0.33)=0.4878, pi=1.0000  [2.9 s]
  t=50 (age 74): c@(u1=0.20,u2=0.75,u3=0.33)=0.4335, pi=1.0000  [2.9 s]
  t=40 (age 64): c@(u1=0.20,u2=0.75,u3=0.33)=0.1436, pi=0.4996  [2.9 s]
  t=30 (age 54): c@(u1=0.20,u2=0.75,u3=0.33)=0.1606, pi=0.2125  [2.8 s]
  t=20 (age 44): c@(u1=0.20,u2=0.75,u3=0.33)=0.1871, pi=0.1372  [2.8 s]
  t=10 (age 34): c@(u1=0.20,u2=0.75,u3=0.33)=0.2109, pi=0.3700  [2.8 s]
  t= 1 (age 25): c@(u1=0.20,u2=0.75,u3=0.33)=0.2815, pi=0.6712  [2.8 s]
   218 s
solving [12 12 8] gh_n=5 ...
  t=75 (age 99): c@(u1=0.20,u2=0.75,u3=0.33)=0.7751, pi=0.4970  [11.8 s]
  t=70 (age 94): c@(u1=0.20,u2=0.75,u3=0.33)=0.5982, pi=0.8917  [12.2 s]
  t=60 (age 84): c@(u1=0.20,u2=0.75,u3=0.33)=0.4875, pi=0.9883  [11.8 s]
  t=50 (age 74): c@(u1=0.20,u2=0.75,u3=0.33)=0.4337, pi=1.0000  [11.7 s]
  t=40 (age 64): c@(u1=0.20,u2=0.75,u3=0.33)=0.1431, pi=0.4330  [12.1 s]
  t=30 (age 54): c@(u1=0.20,u2=0.75,u3=0.33)=0.1602, pi=0.1279  [11.5 s]
  t=20 (age 44): c@(u1=0.20,u2=0.75,u3=0.33)=0.1861, pi=0.0835  [11.5 s]
  t=10 (age 34): c@(u1=0.20,u2=0.75,u3=0.33)=0.2095, pi=0.2244  [11.6 s]
  t= 1 (age 25): c@(u1=0.20,u2=0.75,u3=0.33)=0.2783, pi=0.4921  [11.8 s]
   881 s
solving [16 16 10] gh_n=3 ...
  t=75 (age 99): c@(u1=0.20,u2=0.75,u3=0.33)=0.7751, pi=0.5506  [6.2 s]
  t=70 (age 94): c@(u1=0.20,u2=0.75,u3=0.33)=0.5979, pi=0.9708  [6.1 s]
  t=60 (age 84): c@(u1=0.20,u2=0.75,u3=0.33)=0.4873, pi=1.0000  [6.0 s]
  t=50 (age 74): c@(u1=0.20,u2=0.75,u3=0.33)=0.4326, pi=1.0000  [5.9 s]
  t=40 (age 64): c@(u1=0.20,u2=0.75,u3=0.33)=0.1365, pi=0.4772  [5.9 s]
  t=30 (age 54): c@(u1=0.20,u2=0.75,u3=0.33)=0.1516, pi=0.1059  [5.8 s]
  t=20 (age 44): c@(u1=0.20,u2=0.75,u3=0.33)=0.1735, pi=0.0207  [5.7 s]
  t=10 (age 34): c@(u1=0.20,u2=0.75,u3=0.33)=0.1854, pi=0.1937  [5.7 s]
  t= 1 (age 25): c@(u1=0.20,u2=0.75,u3=0.33)=0.2438, pi=0.4279  [5.7 s]
   443 s
solving [16 16 10] gh_n=5 ...
  t=75 (age 99): c@(u1=0.20,u2=0.75,u3=0.33)=0.7750, pi=0.4933  [24.3 s]
  t=70 (age 94): c@(u1=0.20,u2=0.75,u3=0.33)=0.5978, pi=0.8764  [25.1 s]
  t=60 (age 84): c@(u1=0.20,u2=0.75,u3=0.33)=0.4875, pi=0.9997  [24.5 s]
  t=50 (age 74): c@(u1=0.20,u2=0.75,u3=0.33)=0.4334, pi=1.0000  [24.3 s]
  t=40 (age 64): c@(u1=0.20,u2=0.75,u3=0.33)=0.1362, pi=0.4472  [24.7 s]
  t=30 (age 54): c@(u1=0.20,u2=0.75,u3=0.33)=0.1513, pi=0.0464  [24.0 s]
  t=20 (age 44): c@(u1=0.20,u2=0.75,u3=0.33)=0.1705, pi=0.0015  [23.7 s]
  t=10 (age 34): c@(u1=0.20,u2=0.75,u3=0.33)=0.1799, pi=0.0372  [23.7 s]
  t= 1 (age 25): c@(u1=0.20,u2=0.75,u3=0.33)=0.2296, pi=0.3277  [23.7 s]
   1820 s
solving [20 20 12] gh_n=3 ...
  t=75 (age 99): c@(u1=0.20,u2=0.75,u3=0.33)=0.7747, pi=0.5490  [11.1 s]
  t=70 (age 94): c@(u1=0.20,u2=0.75,u3=0.33)=0.5979, pi=0.9812  [11.3 s]
  t=60 (age 84): c@(u1=0.20,u2=0.75,u3=0.33)=0.4868, pi=1.0000  [11.1 s]
  t=50 (age 74): c@(u1=0.20,u2=0.75,u3=0.33)=0.4323, pi=1.0000  [10.8 s]
  t=40 (age 64): c@(u1=0.20,u2=0.75,u3=0.33)=0.1343, pi=0.4996  [10.6 s]
  t=30 (age 54): c@(u1=0.20,u2=0.75,u3=0.33)=0.1445, pi=0.0495  [10.2 s]
  t=20 (age 44): c@(u1=0.20,u2=0.75,u3=0.33)=0.1585, pi=0.0000  [8.8 s]
  t=10 (age 34): c@(u1=0.20,u2=0.75,u3=0.33)=0.1597, pi=0.0128  [8.8 s]
  t= 1 (age 25): c@(u1=0.20,u2=0.75,u3=0.33)=0.2054, pi=0.1007  [8.9 s]
   753 s
solving [20 20 12] gh_n=5 ...
  t=75 (age 99): c@(u1=0.20,u2=0.75,u3=0.33)=0.7747, pi=0.4918  [39.1 s]
  t=70 (age 94): c@(u1=0.20,u2=0.75,u3=0.33)=0.5978, pi=0.9057  [40.2 s]
  t=60 (age 84): c@(u1=0.20,u2=0.75,u3=0.33)=0.4871, pi=1.0000  [39.5 s]
  t=50 (age 74): c@(u1=0.20,u2=0.75,u3=0.33)=0.4329, pi=1.0000  [38.9 s]
  t=40 (age 64): c@(u1=0.20,u2=0.75,u3=0.33)=0.1336, pi=0.4316  [38.9 s]
  t=30 (age 54): c@(u1=0.20,u2=0.75,u3=0.33)=0.1429, pi=0.0076  [38.1 s]
  t=20 (age 44): c@(u1=0.20,u2=0.75,u3=0.33)=0.1429, pi=0.0000  [37.1 s]
  t=10 (age 34): c@(u1=0.20,u2=0.75,u3=0.33)=0.1326, pi=0.0000  [36.8 s]
  t= 1 (age 25): c@(u1=0.20,u2=0.75,u3=0.33)=0.1628, pi=0.0118  [36.5 s]
   2876 s
ERROR: Invalid data type. Argument must be numeric, char, or logical.
Error using *
Invalid data type. Argument must be numeric, char, or logical.

Error in policy_resolution>make_figs (line 62)
U1=linspace(max(cellfun(@(x) x(1), {R.pol}.')*0+min(R(1).pol.u1),0), 0, 1); %#ok<NASGU>
                                             ^
Error in policy_resolution (line 33)
make_figs(R, TS, out_dir);
^^^^^^^^^^^^^^^^^^^^^^^^^
Error in run_polres (line 8)
try, policy_resolution(d); catch ME, fprintf('ERROR: %s\n', ME.message); disp(getReport(ME)); end
     ^^^^^^^^^^^^^^^^^^^^
end 01:43:00
