=== START 2026-09-17 01:24:31 ===
  waiting on policy study (7/8) 01:29:01
  waiting on policy study (7/8) 01:34:02
  waiting on policy study (7/8) 01:39:02
policy study complete (8 solves), starting
Starting parallel pool (parpool) using the 'Processes' profile ...
Connected to parallel pool with 14 workers.

---------- 1. grid convergence ----------
[01:43:14] solving [8 8 6] gh_n=5 ...
  t=75 (age 99): c@(u1=0.20,u2=0.75,u3=0.33)=0.7742, pi=0.4985  [4.6 s]
  t=70 (age 94): c@(u1=0.20,u2=0.75,u3=0.33)=0.5980, pi=0.8967  [3.7 s]
  t=60 (age 84): c@(u1=0.20,u2=0.75,u3=0.33)=0.4862, pi=0.9828  [3.7 s]
  t=50 (age 74): c@(u1=0.20,u2=0.75,u3=0.33)=0.4312, pi=0.9791  [4.4 s]
  t=40 (age 64): c@(u1=0.20,u2=0.75,u3=0.33)=0.1508, pi=0.4644  [3.6 s]
  t=30 (age 54): c@(u1=0.20,u2=0.75,u3=0.33)=0.1728, pi=0.2555  [3.9 s]
  t=20 (age 44): c@(u1=0.20,u2=0.75,u3=0.33)=0.2043, pi=0.2074  [3.6 s]
  t=10 (age 34): c@(u1=0.20,u2=0.75,u3=0.33)=0.2401, pi=0.3349  [3.9 s]
  t= 1 (age 25): c@(u1=0.20,u2=0.75,u3=0.33)=0.3169, pi=0.8665  [3.5 s]
   276 s | pi@80=0.935 pi@34=0.161 C@34=16879
[01:47:50] solving [10 10 8] gh_n=5 ...
  t=75 (age 99): c@(u1=0.20,u2=0.75,u3=0.33)=0.7753, pi=0.4989  [7.0 s]
  t=70 (age 94): c@(u1=0.20,u2=0.75,u3=0.33)=0.5988, pi=0.8441  [7.0 s]
  t=60 (age 84): c@(u1=0.20,u2=0.75,u3=0.33)=0.4875, pi=1.0000  [6.8 s]
  t=50 (age 74): c@(u1=0.20,u2=0.75,u3=0.33)=0.4331, pi=1.0000  [7.1 s]
  t=40 (age 64): c@(u1=0.20,u2=0.75,u3=0.33)=0.1435, pi=0.4369  [7.0 s]
  t=30 (age 54): c@(u1=0.20,u2=0.75,u3=0.33)=0.1629, pi=0.1531  [7.1 s]
  t=20 (age 44): c@(u1=0.20,u2=0.75,u3=0.33)=0.1911, pi=0.0942  [6.6 s]
  t=10 (age 34): c@(u1=0.20,u2=0.75,u3=0.33)=0.2191, pi=0.2996  [6.9 s]
  t= 1 (age 25): c@(u1=0.20,u2=0.75,u3=0.33)=0.2931, pi=0.6738  [6.7 s]
   511 s | pi@80=0.902 pi@34=0.089 C@34=15405
[01:56:21] solving [12 12 8] gh_n=5 ...
  t=75 (age 99): c@(u1=0.20,u2=0.75,u3=0.33)=0.7751, pi=0.4970  [9.4 s]
  t=70 (age 94): c@(u1=0.20,u2=0.75,u3=0.33)=0.5982, pi=0.8917  [9.3 s]
  t=60 (age 84): c@(u1=0.20,u2=0.75,u3=0.33)=0.4875, pi=0.9883  [9.3 s]
  t=50 (age 74): c@(u1=0.20,u2=0.75,u3=0.33)=0.4337, pi=1.0000  [9.4 s]
  t=40 (age 64): c@(u1=0.20,u2=0.75,u3=0.33)=0.1431, pi=0.4330  [9.6 s]
  t=30 (age 54): c@(u1=0.20,u2=0.75,u3=0.33)=0.1602, pi=0.1279  [9.3 s]
  t=20 (age 44): c@(u1=0.20,u2=0.75,u3=0.33)=0.1861, pi=0.0835  [9.0 s]
  t=10 (age 34): c@(u1=0.20,u2=0.75,u3=0.33)=0.2095, pi=0.2244  [9.4 s]
  t= 1 (age 25): c@(u1=0.20,u2=0.75,u3=0.33)=0.2783, pi=0.4921  [9.3 s]
   698 s | pi@80=0.877 pi@34=0.065 C@34=14581
[02:07:59] solving [14 14 10] gh_n=5 ...
  t=75 (age 99): c@(u1=0.20,u2=0.75,u3=0.33)=0.7753, pi=0.4947  [15.3 s]
  t=70 (age 94): c@(u1=0.20,u2=0.75,u3=0.33)=0.5986, pi=0.9246  [15.4 s]
  t=60 (age 84): c@(u1=0.20,u2=0.75,u3=0.33)=0.4878, pi=0.9993  [15.2 s]
  t=50 (age 74): c@(u1=0.20,u2=0.75,u3=0.33)=0.4338, pi=1.0000  [15.6 s]
  t=40 (age 64): c@(u1=0.20,u2=0.75,u3=0.33)=0.1380, pi=0.4590  [15.5 s]
  t=30 (age 54): c@(u1=0.20,u2=0.75,u3=0.33)=0.1536, pi=0.0828  [15.5 s]
  t=20 (age 44): c@(u1=0.20,u2=0.75,u3=0.33)=0.1765, pi=0.0028  [14.8 s]
  t=10 (age 34): c@(u1=0.20,u2=0.75,u3=0.33)=0.1918, pi=0.1024  [15.1 s]
  t= 1 (age 25): c@(u1=0.20,u2=0.75,u3=0.33)=0.2516, pi=0.3028  [14.6 s]
   1136 s | pi@80=0.857 pi@34=0.049 C@34=13061
[02:26:55] solving [16 16 10] gh_n=5 ...
  t=75 (age 99): c@(u1=0.20,u2=0.75,u3=0.33)=0.7750, pi=0.4933  [19.5 s]
  t=70 (age 94): c@(u1=0.20,u2=0.75,u3=0.33)=0.5978, pi=0.8764  [19.4 s]
  t=60 (age 84): c@(u1=0.20,u2=0.75,u3=0.33)=0.4875, pi=0.9997  [19.0 s]
  t=50 (age 74): c@(u1=0.20,u2=0.75,u3=0.33)=0.4334, pi=1.0000  [19.4 s]
  t=40 (age 64): c@(u1=0.20,u2=0.75,u3=0.33)=0.1362, pi=0.4472  [19.2 s]
  t=30 (age 54): c@(u1=0.20,u2=0.75,u3=0.33)=0.1513, pi=0.0464  [19.2 s]
  t=20 (age 44): c@(u1=0.20,u2=0.75,u3=0.33)=0.1705, pi=0.0015  [18.5 s]
  t=10 (age 34): c@(u1=0.20,u2=0.75,u3=0.33)=0.1799, pi=0.0372  [18.8 s]
  t= 1 (age 25): c@(u1=0.20,u2=0.75,u3=0.33)=0.2296, pi=0.3277  [18.6 s]
   1420 s | pi@80=0.855 pi@34=0.039 C@34=11940
[02:50:35] solving [18 18 12] gh_n=5 ...
  t=75 (age 99): c@(u1=0.20,u2=0.75,u3=0.33)=0.7747, pi=0.4919  [28.6 s]
  t=70 (age 94): c@(u1=0.20,u2=0.75,u3=0.33)=0.5976, pi=0.8866  [29.4 s]
  t=60 (age 84): c@(u1=0.20,u2=0.75,u3=0.33)=0.4871, pi=1.0000  [28.6 s]
  t=50 (age 74): c@(u1=0.20,u2=0.75,u3=0.33)=0.4329, pi=1.0000  [28.1 s]
  t=40 (age 64): c@(u1=0.20,u2=0.75,u3=0.33)=0.1341, pi=0.4448  [28.0 s]
  t=30 (age 54): c@(u1=0.20,u2=0.75,u3=0.33)=0.1452, pi=0.0130  [27.4 s]
  t=20 (age 44): c@(u1=0.20,u2=0.75,u3=0.33)=0.1565, pi=0.0000  [26.9 s]
  t=10 (age 34): c@(u1=0.20,u2=0.75,u3=0.33)=0.1552, pi=0.0007  [26.7 s]
  t= 1 (age 25): c@(u1=0.20,u2=0.75,u3=0.33)=0.1932, pi=0.0860  [26.7 s]
   2087 s | pi@80=0.836 pi@34=0.022 C@34=9376
[03:25:23] solving [20 20 12] gh_n=5 ...
  t=75 (age 99): c@(u1=0.20,u2=0.75,u3=0.33)=0.7747, pi=0.4918  [34.1 s]
  t=70 (age 94): c@(u1=0.20,u2=0.75,u3=0.33)=0.5978, pi=0.9057  [34.9 s]
  t=60 (age 84): c@(u1=0.20,u2=0.75,u3=0.33)=0.4871, pi=1.0000  [34.4 s]
  t=50 (age 74): c@(u1=0.20,u2=0.75,u3=0.33)=0.4329, pi=1.0000  [33.8 s]
  t=40 (age 64): c@(u1=0.20,u2=0.75,u3=0.33)=0.1336, pi=0.4316  [33.9 s]
  t=30 (age 54): c@(u1=0.20,u2=0.75,u3=0.33)=0.1429, pi=0.0076  [33.1 s]
  t=20 (age 44): c@(u1=0.20,u2=0.75,u3=0.33)=0.1429, pi=0.0000  [32.6 s]
  t=10 (age 34): c@(u1=0.20,u2=0.75,u3=0.33)=0.1326, pi=0.0000  [32.3 s]
  t= 1 (age 25): c@(u1=0.20,u2=0.75,u3=0.33)=0.1628, pi=0.0118  [31.8 s]
   2507 s | pi@80=0.830 pi@34=0.014 C@34=7469
[04:07:10] solving [24 24 14] gh_n=5 ...
  t=75 (age 99): c@(u1=0.20,u2=0.75,u3=0.33)=0.7749, pi=0.4923  [56.0 s]
  t=70 (age 94): c@(u1=0.20,u2=0.75,u3=0.33)=0.5977, pi=0.8758  [57.2 s]
  t=60 (age 84): c@(u1=0.20,u2=0.75,u3=0.33)=0.4869, pi=1.0000  [56.4 s]
  t=50 (age 74): c@(u1=0.20,u2=0.75,u3=0.33)=0.4330, pi=1.0000  [54.3 s]
  t=40 (age 64): c@(u1=0.20,u2=0.75,u3=0.33)=0.1323, pi=0.4058  [54.4 s]
  t=30 (age 54): c@(u1=0.20,u2=0.75,u3=0.33)=0.1324, pi=0.0013  [53.3 s]
  t=20 (age 44): c@(u1=0.20,u2=0.75,u3=0.33)=0.0759, pi=0.0000  [52.0 s]
  t=10 (age 34): c@(u1=0.20,u2=0.75,u3=0.33)=0.0475, pi=0.0000  [51.4 s]
  t= 1 (age 25): c@(u1=0.20,u2=0.75,u3=0.33)=0.0476, pi=0.0000  [50.6 s]
   4046 s | pi@80=0.813 pi@34=0.005 C@34=4885
[05:14:36] solving [12 12 8] gh_n=3 ...
  t=75 (age 99): c@(u1=0.20,u2=0.75,u3=0.33)=0.7752, pi=0.5547  [2.3 s]
  t=70 (age 94): c@(u1=0.20,u2=0.75,u3=0.33)=0.5982, pi=0.9800  [2.2 s]
  t=60 (age 84): c@(u1=0.20,u2=0.75,u3=0.33)=0.4878, pi=1.0000  [2.2 s]
  t=50 (age 74): c@(u1=0.20,u2=0.75,u3=0.33)=0.4335, pi=1.0000  [2.3 s]
  t=40 (age 64): c@(u1=0.20,u2=0.75,u3=0.33)=0.1436, pi=0.4996  [2.2 s]
  t=30 (age 54): c@(u1=0.20,u2=0.75,u3=0.33)=0.1606, pi=0.2125  [2.3 s]
  t=20 (age 44): c@(u1=0.20,u2=0.75,u3=0.33)=0.1871, pi=0.1372  [2.1 s]
  t=10 (age 34): c@(u1=0.20,u2=0.75,u3=0.33)=0.2109, pi=0.3700  [2.3 s]
  t= 1 (age 25): c@(u1=0.20,u2=0.75,u3=0.33)=0.2815, pi=0.6712  [2.2 s]
   166 s | pi@80=0.908 pi@34=0.117 C@34=14649
[05:17:22] solving [16 16 10] gh_n=3 ...
  t=75 (age 99): c@(u1=0.20,u2=0.75,u3=0.33)=0.7751, pi=0.5506  [4.7 s]
  t=70 (age 94): c@(u1=0.20,u2=0.75,u3=0.33)=0.5979, pi=0.9708  [4.6 s]
  t=60 (age 84): c@(u1=0.20,u2=0.75,u3=0.33)=0.4873, pi=1.0000  [4.6 s]
  t=50 (age 74): c@(u1=0.20,u2=0.75,u3=0.33)=0.4326, pi=1.0000  [4.6 s]
  t=40 (age 64): c@(u1=0.20,u2=0.75,u3=0.33)=0.1365, pi=0.4772  [4.5 s]
  t=30 (age 54): c@(u1=0.20,u2=0.75,u3=0.33)=0.1516, pi=0.1059  [4.4 s]
  t=20 (age 44): c@(u1=0.20,u2=0.75,u3=0.33)=0.1735, pi=0.0207  [4.3 s]
  t=10 (age 34): c@(u1=0.20,u2=0.75,u3=0.33)=0.1854, pi=0.1937  [4.3 s]
  t= 1 (age 25): c@(u1=0.20,u2=0.75,u3=0.33)=0.2438, pi=0.4279  [4.2 s]
   334 s | pi@80=0.885 pi@34=0.068 C@34=12433
[05:22:56] solving [20 20 12] gh_n=3 ...
  t=75 (age 99): c@(u1=0.20,u2=0.75,u3=0.33)=0.7747, pi=0.5490  [8.4 s]
  t=70 (age 94): c@(u1=0.20,u2=0.75,u3=0.33)=0.5979, pi=0.9812  [8.4 s]
  t=60 (age 84): c@(u1=0.20,u2=0.75,u3=0.33)=0.4868, pi=1.0000  [8.2 s]
  t=50 (age 74): c@(u1=0.20,u2=0.75,u3=0.33)=0.4323, pi=1.0000  [8.0 s]
  t=40 (age 64): c@(u1=0.20,u2=0.75,u3=0.33)=0.1343, pi=0.4996  [7.9 s]
  t=30 (age 54): c@(u1=0.20,u2=0.75,u3=0.33)=0.1445, pi=0.0495  [7.8 s]
  t=20 (age 44): c@(u1=0.20,u2=0.75,u3=0.33)=0.1585, pi=0.0000  [7.6 s]
  t=10 (age 34): c@(u1=0.20,u2=0.75,u3=0.33)=0.1597, pi=0.0128  [7.7 s]
  t= 1 (age 25): c@(u1=0.20,u2=0.75,u3=0.33)=0.2054, pi=0.1007  [7.6 s]
   593 s | pi@80=0.862 pi@34=0.023 C@34=9439

=== simulated equity share by cube (gh_n=5) ===
cube             nodes      sec      30      40      50      60      70      80      90
[8 8 6]            384      276   0.489   0.082   0.120   0.115   0.843   0.935   0.860
[10 10 8]          800      511   0.198   0.084   0.124   0.134   0.811   0.902   0.947
[12 12 8]         1152      698   0.090   0.077   0.103   0.116   0.820   0.877   0.952
[14 14 10]        1960     1136   0.024   0.078   0.092   0.114   0.810   0.857   0.932
[16 16 10]        2560     1420   0.009   0.072   0.079   0.106   0.809   0.855   0.909
[18 18 12]        3888     2087   0.002   0.058   0.064   0.100   0.792   0.836   0.909
[20 20 12]        4800     2507   0.019   0.048   0.056   0.099   0.786   0.830   0.908
[24 24 14]        8064     4046   0.010   0.035   0.048   0.091   0.769   0.813   0.884

=== change vs the finest cube ===
cube            RMS dpi acc  RMS dpi ret     RMS dC/C      max dpi
[8 8 6]              0.2739       0.0717       1.1196       0.7192
[10 10 8]            0.1323       0.0564       0.8476       0.3943
[12 12 8]            0.0890       0.0497       0.6782       0.3078
[14 14 10]           0.1472       0.0402       0.4733       0.6057
[16 16 10]           0.1460       0.0372       0.3763       0.6057
[18 18 12]           0.1399       0.0242       0.2400       0.6057
[20 20 12]           0.1220       0.0211       0.1669       0.6057
[24 24 14]           0.0000       0.0000       0.0000       0.0000

=== quadrature cross-check: gh_n 3 vs 5 at the same cube ===
cube                RMS dpi      max dpi     RMS dC/C
[12 12 8]            0.0991       0.7022       0.0489
[16 16 10]           0.1245       0.9657       0.0847
[20 20 12]           0.0318       0.0861       0.0740

figures in C:\Users\Quinn\Desktop\claudecodetest\OwnersrentersDSRI-rentproc\diagnostics\factorial_figs

---------- 2. occupancy ----------
ERROR: Unrecognized field name "occ".
Unrecognized field name "occ".

Error in fig_occupancy (line 28)
    O=ref.occ; H=O.H{a}; H=H/max(sum(H(:)),1);
      ^^^^^^^
Error in run_gridconv (line 26)
try, fig_occupancy(d); catch ME, fprintf('ERROR: %s\n%s\n', ME.message, getReport(ME)); end
     ^^^^^^^^^^^^^^^^

---------- 3. optimisers by grid ----------
[05:33:03] A no sweep at [12 12 8] ...
  t=75 (age 99): c@(u1=0.20,u2=0.75,u3=0.33)=0.7751, pi=0.4970  [1.7 s]
  t=70 (age 94): c@(u1=0.20,u2=0.75,u3=0.33)=0.5986, pi=0.8917  [2.2 s]
  t=60 (age 84): c@(u1=0.20,u2=0.75,u3=0.33)=0.4874, pi=0.9904  [1.8 s]
  t=50 (age 74): c@(u1=0.20,u2=0.75,u3=0.33)=0.4335, pi=1.0000  [1.8 s]
  t=40 (age 64): c@(u1=0.20,u2=0.75,u3=0.33)=0.1426, pi=0.4319  [1.3 s]
  t=30 (age 54): c@(u1=0.20,u2=0.75,u3=0.33)=0.1600, pi=0.1289  [1.1 s]
  t=20 (age 44): c@(u1=0.20,u2=0.75,u3=0.33)=0.1857, pi=0.0858  [1.0 s]
  t=10 (age 34): c@(u1=0.20,u2=0.75,u3=0.33)=0.2088, pi=0.2348  [1.2 s]
  t= 1 (age 25): c@(u1=0.20,u2=0.75,u3=0.33)=0.2761, pi=0.5243  [1.1 s]
   110 s | pi@80=0.623 pi@34=0.069
[05:34:53] B sweep pi after at [12 12 8] ...
  t=75 (age 99): c@(u1=0.20,u2=0.75,u3=0.33)=0.7751, pi=0.4970  [7.9 s]
  t=70 (age 94): c@(u1=0.20,u2=0.75,u3=0.33)=0.5985, pi=0.8968  [7.7 s]
  t=60 (age 84): c@(u1=0.20,u2=0.75,u3=0.33)=0.4877, pi=0.9813  [7.9 s]
  t=50 (age 74): c@(u1=0.20,u2=0.75,u3=0.33)=0.4332, pi=1.0000  [7.6 s]
  t=40 (age 64): c@(u1=0.20,u2=0.75,u3=0.33)=0.1431, pi=0.4339  [7.8 s]
  t=30 (age 54): c@(u1=0.20,u2=0.75,u3=0.33)=0.1601, pi=0.1291  [7.4 s]
  t=20 (age 44): c@(u1=0.20,u2=0.75,u3=0.33)=0.1859, pi=0.0844  [7.3 s]
  t=10 (age 34): c@(u1=0.20,u2=0.75,u3=0.33)=0.2093, pi=0.2280  [7.3 s]
  t= 1 (age 25): c@(u1=0.20,u2=0.75,u3=0.33)=0.2775, pi=0.5064  [7.5 s]
   570 s | pi@80=0.877 pi@34=0.066
[05:44:22] E sweep pi and c first at [12 12 8] ...
  t=75 (age 99): c@(u1=0.20,u2=0.75,u3=0.33)=0.7751, pi=0.4970  [9.2 s]
  t=70 (age 94): c@(u1=0.20,u2=0.75,u3=0.33)=0.5982, pi=0.8917  [9.3 s]
  t=60 (age 84): c@(u1=0.20,u2=0.75,u3=0.33)=0.4875, pi=0.9883  [9.3 s]
  t=50 (age 74): c@(u1=0.20,u2=0.75,u3=0.33)=0.4337, pi=1.0000  [9.3 s]
  t=40 (age 64): c@(u1=0.20,u2=0.75,u3=0.33)=0.1431, pi=0.4330  [9.4 s]
  t=30 (age 54): c@(u1=0.20,u2=0.75,u3=0.33)=0.1602, pi=0.1279  [9.0 s]
  t=20 (age 44): c@(u1=0.20,u2=0.75,u3=0.33)=0.1861, pi=0.0835  [9.0 s]
  t=10 (age 34): c@(u1=0.20,u2=0.75,u3=0.33)=0.2095, pi=0.2244  [9.0 s]
  t= 1 (age 25): c@(u1=0.20,u2=0.75,u3=0.33)=0.2783, pi=0.4921  [9.2 s]
   693 s | pi@80=0.877 pi@34=0.065
[05:55:55] F sweep c first at [12 12 8] ...
  t=75 (age 99): c@(u1=0.20,u2=0.75,u3=0.33)=0.7751, pi=0.4970  [6.5 s]
  t=70 (age 94): c@(u1=0.20,u2=0.75,u3=0.33)=0.5981, pi=0.8896  [7.9 s]
  t=60 (age 84): c@(u1=0.20,u2=0.75,u3=0.33)=0.4875, pi=0.9890  [7.1 s]
  t=50 (age 74): c@(u1=0.20,u2=0.75,u3=0.33)=0.4336, pi=1.0000  [7.3 s]
  t=40 (age 64): c@(u1=0.20,u2=0.75,u3=0.33)=0.1431, pi=0.4330  [7.5 s]
  t=30 (age 54): c@(u1=0.20,u2=0.75,u3=0.33)=0.1602, pi=0.1282  [6.9 s]
  t=20 (age 44): c@(u1=0.20,u2=0.75,u3=0.33)=0.1860, pi=0.0837  [7.0 s]
  t=10 (age 34): c@(u1=0.20,u2=0.75,u3=0.33)=0.2094, pi=0.2252  [6.7 s]
  t= 1 (age 25): c@(u1=0.20,u2=0.75,u3=0.33)=0.2782, pi=0.4924  [6.8 s]
   533 s | pi@80=0.877 pi@34=0.065
[06:04:47] A no sweep at [16 16 10] ...
  t=75 (age 99): c@(u1=0.20,u2=0.75,u3=0.33)=0.7750, pi=0.4933  [3.3 s]
  t=70 (age 94): c@(u1=0.20,u2=0.75,u3=0.33)=0.5981, pi=0.8760  [3.8 s]
  t=60 (age 84): c@(u1=0.20,u2=0.75,u3=0.33)=0.4877, pi=1.0000  [3.5 s]
  t=50 (age 74): c@(u1=0.20,u2=0.75,u3=0.33)=0.4337, pi=1.0000  [2.9 s]
  t=40 (age 64): c@(u1=0.20,u2=0.75,u3=0.33)=0.1359, pi=0.4453  [2.3 s]
  t=30 (age 54): c@(u1=0.20,u2=0.75,u3=0.33)=0.1512, pi=0.0457  [1.9 s]
  t=20 (age 44): c@(u1=0.20,u2=0.75,u3=0.33)=0.1704, pi=0.0015  [2.0 s]
  t=10 (age 34): c@(u1=0.20,u2=0.75,u3=0.33)=0.1791, pi=0.0448  [2.0 s]
  t= 1 (age 25): c@(u1=0.20,u2=0.75,u3=0.33)=0.2258, pi=0.3932  [2.1 s]
   192 s | pi@80=0.656 pi@34=0.042
[06:08:00] B sweep pi after at [16 16 10] ...
  t=75 (age 99): c@(u1=0.20,u2=0.75,u3=0.33)=0.7750, pi=0.4933  [16.4 s]
  t=70 (age 94): c@(u1=0.20,u2=0.75,u3=0.33)=0.5980, pi=0.8764  [16.2 s]
  t=60 (age 84): c@(u1=0.20,u2=0.75,u3=0.33)=0.4875, pi=0.9999  [16.0 s]
  t=50 (age 74): c@(u1=0.20,u2=0.75,u3=0.33)=0.4331, pi=1.0000  [15.7 s]
  t=40 (age 64): c@(u1=0.20,u2=0.75,u3=0.33)=0.1361, pi=0.4457  [15.6 s]
  t=30 (age 54): c@(u1=0.20,u2=0.75,u3=0.33)=0.1512, pi=0.0460  [15.0 s]
  t=20 (age 44): c@(u1=0.20,u2=0.75,u3=0.33)=0.1704, pi=0.0015  [14.5 s]
  t=10 (age 34): c@(u1=0.20,u2=0.75,u3=0.33)=0.1797, pi=0.0389  [14.0 s]
  t= 1 (age 25): c@(u1=0.20,u2=0.75,u3=0.33)=0.2291, pi=0.3334  [14.0 s]
   1142 s | pi@80=0.855 pi@34=0.040
[06:27:02] E sweep pi and c first at [16 16 10] ...
  t=75 (age 99): c@(u1=0.20,u2=0.75,u3=0.33)=0.7750, pi=0.4933  [19.6 s]
  t=70 (age 94): c@(u1=0.20,u2=0.75,u3=0.33)=0.5978, pi=0.8764  [19.6 s]
  t=60 (age 84): c@(u1=0.20,u2=0.75,u3=0.33)=0.4875, pi=0.9997  [19.1 s]
  t=50 (age 74): c@(u1=0.20,u2=0.75,u3=0.33)=0.4334, pi=1.0000  [18.9 s]
  t=40 (age 64): c@(u1=0.20,u2=0.75,u3=0.33)=0.1362, pi=0.4472  [19.1 s]
  t=30 (age 54): c@(u1=0.20,u2=0.75,u3=0.33)=0.1513, pi=0.0464  [18.5 s]
  t=20 (age 44): c@(u1=0.20,u2=0.75,u3=0.33)=0.1705, pi=0.0015  [18.5 s]
  t=10 (age 34): c@(u1=0.20,u2=0.75,u3=0.33)=0.1799, pi=0.0372  [18.4 s]
  t= 1 (age 25): c@(u1=0.20,u2=0.75,u3=0.33)=0.2296, pi=0.3277  [18.3 s]
   1411 s | pi@80=0.855 pi@34=0.039
[06:50:33] F sweep c first at [16 16 10] ...
  t=75 (age 99): c@(u1=0.20,u2=0.75,u3=0.33)=0.7750, pi=0.4933  [13.4 s]
  t=70 (age 94): c@(u1=0.20,u2=0.75,u3=0.33)=0.5978, pi=0.8764  [15.6 s]
  t=60 (age 84): c@(u1=0.20,u2=0.75,u3=0.33)=0.4874, pi=0.9997  [14.5 s]
  t=50 (age 74): c@(u1=0.20,u2=0.75,u3=0.33)=0.4333, pi=1.0000  [13.8 s]
  t=40 (age 64): c@(u1=0.20,u2=0.75,u3=0.33)=0.1362, pi=0.4471  [15.1 s]
  t=30 (age 54): c@(u1=0.20,u2=0.75,u3=0.33)=0.1513, pi=0.0464  [13.6 s]
  t=20 (age 44): c@(u1=0.20,u2=0.75,u3=0.33)=0.1705, pi=0.0015  [13.4 s]
  t=10 (age 34): c@(u1=0.20,u2=0.75,u3=0.33)=0.1798, pi=0.0377  [12.9 s]
  t= 1 (age 25): c@(u1=0.20,u2=0.75,u3=0.33)=0.2294, pi=0.3283  [12.8 s]
   1046 s | pi@80=0.855 pi@34=0.039
[07:07:59] A no sweep at [20 20 12] ...
  t=75 (age 99): c@(u1=0.20,u2=0.75,u3=0.33)=0.7747, pi=0.4918  [4.7 s]
  t=70 (age 94): c@(u1=0.20,u2=0.75,u3=0.33)=0.5980, pi=0.9054  [5.0 s]
  t=60 (age 84): c@(u1=0.20,u2=0.75,u3=0.33)=0.4872, pi=1.0000  [5.0 s]
  t=50 (age 74): c@(u1=0.20,u2=0.75,u3=0.33)=0.4330, pi=1.0000  [4.7 s]
  t=40 (age 64): c@(u1=0.20,u2=0.75,u3=0.33)=0.1332, pi=0.4275  [3.6 s]
  t=30 (age 54): c@(u1=0.20,u2=0.75,u3=0.33)=0.1428, pi=0.0076  [3.1 s]
  t=20 (age 44): c@(u1=0.20,u2=0.75,u3=0.33)=0.1427, pi=0.0000  [3.2 s]
  t=10 (age 34): c@(u1=0.20,u2=0.75,u3=0.33)=0.1321, pi=0.0000  [2.9 s]
  t= 1 (age 25): c@(u1=0.20,u2=0.75,u3=0.33)=0.1611, pi=0.0334  [2.7 s]
   290 s | pi@80=0.649 pi@34=0.015
[07:12:49] B sweep pi after at [20 20 12] ...
  t=75 (age 99): c@(u1=0.20,u2=0.75,u3=0.33)=0.7747, pi=0.4918  [30.3 s]
  t=70 (age 94): c@(u1=0.20,u2=0.75,u3=0.33)=0.5980, pi=0.9048  [29.9 s]
  t=60 (age 84): c@(u1=0.20,u2=0.75,u3=0.33)=0.4871, pi=1.0000  [29.5 s]
  t=50 (age 74): c@(u1=0.20,u2=0.75,u3=0.33)=0.4328, pi=1.0000  [28.0 s]
  t=40 (age 64): c@(u1=0.20,u2=0.75,u3=0.33)=0.1334, pi=0.4297  [27.2 s]
  t=30 (age 54): c@(u1=0.20,u2=0.75,u3=0.33)=0.1428, pi=0.0076  [26.0 s]
  t=20 (age 44): c@(u1=0.20,u2=0.75,u3=0.33)=0.1428, pi=0.0000  [25.0 s]
  t=10 (age 34): c@(u1=0.20,u2=0.75,u3=0.33)=0.1323, pi=0.0000  [24.0 s]
  t= 1 (age 25): c@(u1=0.20,u2=0.75,u3=0.33)=0.1621, pi=0.0207  [22.9 s]
   2017 s | pi@80=0.830 pi@34=0.014
[07:46:26] E sweep pi and c first at [20 20 12] ...
  t=75 (age 99): c@(u1=0.20,u2=0.75,u3=0.33)=0.7747, pi=0.4918  [34.2 s]
  t=70 (age 94): c@(u1=0.20,u2=0.75,u3=0.33)=0.5978, pi=0.9057  [35.0 s]
  t=60 (age 84): c@(u1=0.20,u2=0.75,u3=0.33)=0.4871, pi=1.0000  [34.7 s]
  t=50 (age 74): c@(u1=0.20,u2=0.75,u3=0.33)=0.4329, pi=1.0000  [33.8 s]
  t=40 (age 64): c@(u1=0.20,u2=0.75,u3=0.33)=0.1336, pi=0.4316  [34.1 s]
  t=30 (age 54): c@(u1=0.20,u2=0.75,u3=0.33)=0.1429, pi=0.0076  [33.1 s]
  t=20 (age 44): c@(u1=0.20,u2=0.75,u3=0.33)=0.1429, pi=0.0000  [32.6 s]
  t=10 (age 34): c@(u1=0.20,u2=0.75,u3=0.33)=0.1326, pi=0.0000  [32.0 s]
  t= 1 (age 25): c@(u1=0.20,u2=0.75,u3=0.33)=0.1628, pi=0.0118  [31.7 s]
   2509 s | pi@80=0.830 pi@34=0.014
[08:28:15] F sweep c first at [20 20 12] ...
  t=75 (age 99): c@(u1=0.20,u2=0.75,u3=0.33)=0.7747, pi=0.4918  [23.7 s]
  t=70 (age 94): c@(u1=0.20,u2=0.75,u3=0.33)=0.5978, pi=0.9057  [28.4 s]
  t=60 (age 84): c@(u1=0.20,u2=0.75,u3=0.33)=0.4871, pi=1.0000  [27.1 s]
  t=50 (age 74): c@(u1=0.20,u2=0.75,u3=0.33)=0.4329, pi=1.0000  [25.0 s]
  t=40 (age 64): c@(u1=0.20,u2=0.75,u3=0.33)=0.1336, pi=0.4314  [26.0 s]
  t=30 (age 54): c@(u1=0.20,u2=0.75,u3=0.33)=0.1429, pi=0.0076  [24.0 s]
  t=20 (age 44): c@(u1=0.20,u2=0.75,u3=0.33)=0.1429, pi=0.0000  [23.7 s]
  t=10 (age 34): c@(u1=0.20,u2=0.75,u3=0.33)=0.1325, pi=0.0000  [21.9 s]
  t= 1 (age 25): c@(u1=0.20,u2=0.75,u3=0.33)=0.1627, pi=0.0119  [21.3 s]
   1864 s | pi@80=0.830 pi@34=0.014

=== simulated equity share by routine and cube ===
routine                  cube               sec    pi@34    pi@54    pi@80    pi@90
A no sweep               [12 12 8]          110    0.069    0.087    0.623    0.396
B sweep pi after         [12 12 8]          570    0.066    0.086    0.877    0.952
E sweep pi and c first   [12 12 8]          693    0.065    0.084    0.877    0.952
F sweep c first          [12 12 8]          533    0.065    0.085    0.877    0.952
A no sweep               [16 16 10]         192    0.042    0.065    0.656    0.447
B sweep pi after         [16 16 10]        1142    0.040    0.060    0.855    0.909
E sweep pi and c first   [16 16 10]        1411    0.039    0.059    0.855    0.909
F sweep c first          [16 16 10]        1046    0.039    0.059    0.855    0.909
A no sweep               [20 20 12]         290    0.015    0.050    0.649    0.452
B sweep pi after         [20 20 12]        2017    0.014    0.047    0.830    0.908
E sweep pi and c first   [20 20 12]        2509    0.014    0.046    0.830    0.908
F sweep c first          [20 20 12]        1864    0.014    0.047    0.830    0.908

=== spread across routines at each cube (max-min of pi) ===
cube             accum (<=55) retirement (>=67)
[12 12 8]               0.006          0.555
[16 16 10]              0.009          0.462
[20 20 12]              0.051          0.479
figure in C:\Users\Quinn\Desktop\claudecodetest\OwnersrentersDSRI-rentproc\diagnostics\factorial_figs

---------- 4. occupancy refresh ----------
ERROR: Unrecognized field name "occ".

=== END 2026-09-17 08:59:21 ===
