solving [12 12 8] at gh_n=5 ...
  t=75 (age 99): c@(u1=0.20,u2=0.75,u3=0.33)=0.7751, pi=0.4970  [4.2 s]
  t=70 (age 94): c@(u1=0.20,u2=0.75,u3=0.33)=0.5986, pi=0.8917  [3.6 s]
  t=60 (age 84): c@(u1=0.20,u2=0.75,u3=0.33)=0.4874, pi=0.9904  [3.1 s]
  t=50 (age 74): c@(u1=0.20,u2=0.75,u3=0.33)=0.4335, pi=1.0000  [4.0 s]
  t=40 (age 64): c@(u1=0.20,u2=0.75,u3=0.33)=0.1426, pi=0.4319  [2.7 s]
  t=30 (age 54): c@(u1=0.20,u2=0.75,u3=0.33)=0.1600, pi=0.1289  [2.1 s]
  t=20 (age 44): c@(u1=0.20,u2=0.75,u3=0.33)=0.1857, pi=0.0858  [2.0 s]
  t=10 (age 34): c@(u1=0.20,u2=0.75,u3=0.33)=0.2088, pi=0.2348  [3.0 s]
  t= 1 (age 25): c@(u1=0.20,u2=0.75,u3=0.33)=0.2761, pi=0.5243  [2.1 s]
   201 s
solving [20 20 12] at gh_n=5 ...
  t=75 (age 99): c@(u1=0.20,u2=0.75,u3=0.33)=0.7747, pi=0.4918  [10.0 s]
  t=70 (age 94): c@(u1=0.20,u2=0.75,u3=0.33)=0.5980, pi=0.9054  [9.6 s]
  t=60 (age 84): c@(u1=0.20,u2=0.75,u3=0.33)=0.4872, pi=1.0000  [9.8 s]
  t=50 (age 74): c@(u1=0.20,u2=0.75,u3=0.33)=0.4330, pi=1.0000  [9.1 s]
  t=40 (age 64): c@(u1=0.20,u2=0.75,u3=0.33)=0.1332, pi=0.4275  [7.7 s]
  t=30 (age 54): c@(u1=0.20,u2=0.75,u3=0.33)=0.1428, pi=0.0076  [6.7 s]
  t=20 (age 44): c@(u1=0.20,u2=0.75,u3=0.33)=0.1427, pi=0.0000  [6.9 s]
  t=10 (age 34): c@(u1=0.20,u2=0.75,u3=0.33)=0.1321, pi=0.0000  [6.6 s]
  t= 1 (age 25): c@(u1=0.20,u2=0.75,u3=0.33)=0.1611, pi=0.0334  [5.6 s]
   594 s

cube             gh_n    best pi     best c          sec
[12 12 8]           3      1.000      0.402          157
[12 12 8]           5      1.000      0.402          201
[20 20 12]          3      1.000      0.427          418
[20 20 12]          5      1.000      0.427          594
