solving A no sweep                 ...
  t=75 (age 99): c@(u1=0.20,u2=0.75,u3=0.33)=0.7752, pi=0.5547  [4.0 s]
  t=70 (age 94): c@(u1=0.20,u2=0.75,u3=0.33)=0.5984, pi=0.9821  [2.1 s]
  t=60 (age 84): c@(u1=0.20,u2=0.75,u3=0.33)=0.4881, pi=1.0000  [2.0 s]
  t=50 (age 74): c@(u1=0.20,u2=0.75,u3=0.33)=0.4339, pi=1.0000  [1.9 s]
  t=40 (age 64): c@(u1=0.20,u2=0.75,u3=0.33)=0.1432, pi=0.4998  [1.9 s]
  t=30 (age 54): c@(u1=0.20,u2=0.75,u3=0.33)=0.1605, pi=0.2134  [1.7 s]
  t=20 (age 44): c@(u1=0.20,u2=0.75,u3=0.33)=0.1868, pi=0.1397  [1.4 s]
  t=10 (age 34): c@(u1=0.20,u2=0.75,u3=0.33)=0.2102, pi=0.3761  [1.5 s]
  t= 1 (age 25): c@(u1=0.20,u2=0.75,u3=0.33)=0.2799, pi=0.6805  [1.6 s]
   134 s   pi@80 = 0.662   pi@90 = 0.391
solving B sweep pi after           ...
  t=75 (age 99): c@(u1=0.20,u2=0.75,u3=0.33)=0.7752, pi=0.5547  [7.1 s]
  t=70 (age 94): c@(u1=0.20,u2=0.75,u3=0.33)=0.5985, pi=0.9846  [6.7 s]
  t=60 (age 84): c@(u1=0.20,u2=0.75,u3=0.33)=0.4882, pi=1.0000  [6.8 s]
  t=50 (age 74): c@(u1=0.20,u2=0.75,u3=0.33)=0.4338, pi=1.0000  [6.6 s]
  t=40 (age 64): c@(u1=0.20,u2=0.75,u3=0.33)=0.1438, pi=0.5033  [6.9 s]
  t=30 (age 54): c@(u1=0.20,u2=0.75,u3=0.33)=0.1606, pi=0.2136  [6.5 s]
  t=20 (age 44): c@(u1=0.20,u2=0.75,u3=0.33)=0.1870, pi=0.1373  [6.3 s]
  t=10 (age 34): c@(u1=0.20,u2=0.75,u3=0.33)=0.2107, pi=0.3696  [6.3 s]
  t= 1 (age 25): c@(u1=0.20,u2=0.75,u3=0.33)=0.2812, pi=0.6711  [6.4 s]
   493 s   pi@80 = 0.913   pi@90 = 0.956
solving E sweep pi and c before    ...
  t=75 (age 99): c@(u1=0.20,u2=0.75,u3=0.33)=0.7752, pi=0.5547  [8.0 s]
  t=70 (age 94): c@(u1=0.20,u2=0.75,u3=0.33)=0.5982, pi=0.9800  [7.9 s]
  t=60 (age 84): c@(u1=0.20,u2=0.75,u3=0.33)=0.4878, pi=1.0000  [7.7 s]
  t=50 (age 74): c@(u1=0.20,u2=0.75,u3=0.33)=0.4335, pi=1.0000  [7.8 s]
  t=40 (age 64): c@(u1=0.20,u2=0.75,u3=0.33)=0.1436, pi=0.4996  [7.8 s]
  t=30 (age 54): c@(u1=0.20,u2=0.75,u3=0.33)=0.1606, pi=0.2125  [7.5 s]
  t=20 (age 44): c@(u1=0.20,u2=0.75,u3=0.33)=0.1871, pi=0.1372  [7.3 s]
  t=10 (age 34): c@(u1=0.20,u2=0.75,u3=0.33)=0.2109, pi=0.3700  [7.4 s]
  t= 1 (age 25): c@(u1=0.20,u2=0.75,u3=0.33)=0.2815, pi=0.6712  [7.5 s]
   575 s   pi@80 = 0.914   pi@90 = 0.956
solving F sweep c before           ...
  t=75 (age 99): c@(u1=0.20,u2=0.75,u3=0.33)=0.7752, pi=0.5547  [6.0 s]
  t=70 (age 94): c@(u1=0.20,u2=0.75,u3=0.33)=0.5981, pi=0.9817  [6.5 s]
  t=60 (age 84): c@(u1=0.20,u2=0.75,u3=0.33)=0.4877, pi=1.0000  [6.1 s]
  t=50 (age 74): c@(u1=0.20,u2=0.75,u3=0.33)=0.4334, pi=1.0000  [5.8 s]
  t=40 (age 64): c@(u1=0.20,u2=0.75,u3=0.33)=0.1438, pi=0.5015  [6.4 s]
  t=30 (age 54): c@(u1=0.20,u2=0.75,u3=0.33)=0.1606, pi=0.2132  [5.8 s]
  t=20 (age 44): c@(u1=0.20,u2=0.75,u3=0.33)=0.1870, pi=0.1382  [5.6 s]
  t=10 (age 34): c@(u1=0.20,u2=0.75,u3=0.33)=0.2108, pi=0.3701  [5.6 s]
  t= 1 (age 25): c@(u1=0.20,u2=0.75,u3=0.33)=0.2813, pi=0.6719  [5.6 s]
   446 s   pi@80 = 0.913   pi@90 = 0.956
figures in C:\Users\Quinn\Desktop\claudecodetest\OwnersrentersDSRI-rentproc\diagnostics\factorial_figs

routine                        sec     pi@70     pi@80     pi@90
A no sweep                     134     0.778     0.662     0.391
B sweep pi after               493     0.872     0.913     0.956
E sweep pi and c before        575     0.872     0.914     0.956
F sweep c before               446     0.872     0.913     0.956
